routine_definition


 /* 
-- =============================================                                    
-- Author:      Baji Thota                                     
-- Create Date: 10/14/2020                                    
-- Description: Get Suppleorder Items           
-- ============================================= --    
--EXEC SupplOrders.[sp_GetSuppleOrderitems] 'OTC',258,2433,'NH202106672039'      
-- =============================================    '

-- Modified By: Ramakrishna P
-- Modified Date: 17th March 2021 
-- Modified Date: 04/07/2021 Added top 1 and order by while fetching Client CarrieriD


  */
CREATE PROCEDURE [SupplOrders].[sp_GetSuppleOrderitems] (    
 @OrderType VARCHAR(10),    
 @InsurenceCarrierId BIGINT = NULL,    
 @InsurenceHealthPlanId BIGINT = NULL,    
 @NhMemberId varchar(50)=NULL    
 )    
AS    
BEGIN    
     declare @CliendCarrierId BIGINT;    
  -- Added by suneetha to cliend id for nations otc    
 set @CliendCarrierId =(

(1 row affected)


Completion time: 2021-09-07T11:34:04.1399427-04:00
